../Core/Src/main.c:76:6:HAL_GPIO_EXT1_Callback	16	static
../Core/Src/main.c:91:6:canTransmit	16	static
../Core/Src/main.c:104:6:HAL_CAN_RxFifo1MsgPendingCallback	16	static
../Core/Src/main.c:116:5:main	8	static
../Core/Src/main.c:164:6:SystemClock_Config	88	static
../Core/Src/main.c:210:13:MX_CAN1_Init	8	static
../Core/Src/main.c:247:13:MX_GPIO_Init	40	static
../Core/Src/main.c:289:6:configCANTxStandard	16	static
../Core/Src/main.c:305:6:configCANTxExtended	16	static
../Core/Src/main.c:314:13:CAN_Filter	56	static
../Core/Src/main.c:360:6:Error_Handler	4	static,ignoring_inline_asm
