../Core/Src/main.c:76:6:HAL_GPIO_EXT1_Callback	16	static
../Core/Src/main.c:91:6:canTransmit	16	static
../Core/Src/main.c:104:6:HAL_CAN_RxFifo1MsgPendingCallback	16	static
../Core/Src/main.c:116:5:main	8	static
../Core/Src/main.c:165:6:SystemClock_Config	88	static
../Core/Src/main.c:211:13:MX_CAN1_Init	8	static
../Core/Src/main.c:248:13:MX_GPIO_Init	40	static
../Core/Src/main.c:290:6:configCANTxStandard	16	static
../Core/Src/main.c:306:6:configCANTxExtended	16	static
../Core/Src/main.c:321:6:CAN_Filter	56	static
../Core/Src/main.c:367:6:Error_Handler	4	static,ignoring_inline_asm
